<html>
<body>
<pre>
<h1>礦ision Build Log</h1>
<h2>Tool Versions:</h2>
IDE-Version: μVision V5.27.1.0
Copyright (C) 2019 ARM Ltd and ARM Germany GmbH. All rights reserved.
License Information: bai wen, 100ask, LIC=LSNXV-P9E9V-UH28H-WC5PI-VRY7Z-7QXWR
 
Tool Versions:
Toolchain:       MDK-ARM Plus  Version: 5.32.0.0
Toolchain Path:  D:\Keil\Core\ARM\ARMCLANG\Bin
C Compiler:      ArmClang.exe V6.14.1
Assembler:       Armasm.exe V6.14.1
Linker/Locator:  ArmLink.exe V6.14.1
Library Manager: ArmAr.exe V6.14.1
Hex Converter:   FromElf.exe V6.14.1
CPU DLL:         SARMCM3.DLL V5.32.0.0
Dialog DLL:      DCM.DLL V1.17.3.0
Target DLL:      CMSIS_AGDI.dll V1.32.12.0
Dialog DLL:      TCM.DLL V1.46.0.0
 
<h2>Project:</h2>
E:\工作\重庆工作\20220608_PitayaLite配套资料\2_嵌入式C语言进阶开发\8_led_1hz\Project\led_1hz.uvprojx
Project File Date:  09/13/2022

<h2>Output:</h2>
*** Using Compiler 'V6.14.1', folder: 'D:\Keil\Core\ARM\ARMCLANG\Bin'
Build target 'led_1hz'
assembling startup_mm32f3277g.s...
compiling system_mm32f3277g.c...
compiling drv_systick.c...
compiling hal_comp.c...
compiling hal_dac.c...
compiling drv_led.c...
compiling drv_sysclk.c...
compiling hal_adc.c...
compiling main.c...
compiling hal_dma.c...
compiling hal_fsmc.c...
compiling hal_exti.c...
compiling hal_gpio.c...
compiling hal_rcc.c...
compiling hal_iwdg.c...
compiling hal_i2c.c...
compiling hal_rtc.c...
compiling hal_sdio.c...
compiling hal_tim_16b.c...
compiling hal_spi.c...
compiling hal_tim_32b.c...
compiling hal_syscfg.c...
compiling hal_tim_basic.c...
compiling hal_uart.c...
compiling hal_tim_adv.c...
compiling hal_wwdg.c...
compiling hal_usb.c...
linking...
Program Size: Code=1012 RO-data=416 RW-data=0 ZI-data=2052  
FromELF: creating hex file...
After Build - User command #1: fromelf --bin -o "led_1hz.bin" "E:\工作\重庆工作\20220608_PitayaLite配套资料\2_嵌入式C语言进阶开发\8_led_1hz\Project\Objects\led_1hz.axf"
".\Objects\led_1hz.axf" - 0 Error(s), 0 Warning(s).

<h2>Software Packages used:</h2>

Package Vendor: MindMotion
                http://www.mindmotion.com.cn/Download/MDK_KEIL/MindMotion.MM32F3270_DFP.1.0.6.pack
                MindMotion.MM32F3270_DFP.1.0.6
                MindMotion MM32F3270 Series Device Support, Drivers and Examples

<h2>Collection of Component include folders:</h2>
  .\RTE\_led_1hz
  D:\Keil\Pack\MindMotion\MM32F3270_DFP\1.0.6\Device\MM32F327x\Include

<h2>Collection of Component Files used:</h2>
Build Time Elapsed:  00:00:07
</pre>
</body>
</html>
